// Vitest Snapshot v1, https://vitest.dev/guide/snapshot.html

exports[`quick sort > happy path 1`] = `
[
  1,
  2,
  3,
  4,
  5,
  6,
  7,
  8,
  9,
]
`;
